[SDK][INFO] 2026-09-08 12:54:43 Start scanning directory: /workspace[SDK][INFO] 2026-09-08 12:54:43 Obtained python dependency environment for training project[SDK][INFO] 2026-09-08 12:54:43 Task(TASK_20260908_261) status updated to: Running , ret:TrueWARNING: Running pip as the 'root' user can result in broken permissions and conflicting behaviour with the system package manager, possibly rendering your system unusable. It is recommended to use a virtual environment instead: https://pip.pypa.io/warnings/venv. Use the --root-user-action option if you know what you are doing and want to suppress this warning.
deps OK: mujoco 2.3.6 | optuna 4.5.0 | cmaes 0.12.0
[SDK][INFO] 2026-09-08 12:59:43 New file detected globally: /workspace/X1_identify/spi_identify/tests/__pycache__/test_active.cpython-38.pyc[SDK][INFO] 2026-09-08 12:59:43 New file detected globally: /workspace/X1_identify/spi_identify/active/__pycache__/__init__.cpython-38.pyc[SDK][INFO] 2026-09-08 12:59:43 New file detected globally: /workspace/X1_identify/spi_identify/active/__pycache__/bezier.cpython-38.pyc.139979774976688[SDK][INFO] 2026-09-08 12:59:43 New file detected globally: /workspace/X1_identify/spi_identify/active/__pycache__/bezier.cpython-38.pyc.139979774976688[SDK][INFO] 2026-09-08 12:59:43 New file detected globally: /workspace/X1_identify/spi_identify/active/__pycache__/fim.cpython-38.pyc.139979721923376[SDK][INFO] 2026-09-08 12:59:43 New file detected globally: /workspace/X1_identify/spi_identify/active/__pycache__/command_opt.cpython-38.pyc.139979721645200[SDK][INFO] 2026-09-08 12:59:43 New file detected globally: /workspace/X1_identify/spi_identify/tests/__pycache__/test_cost.cpython-38.pyc.139979721923376[SDK][INFO] 2026-09-08 12:59:43 New file detected globally: /workspace/X1_identify/spi_identify/spi/__pycache__/__init__.cpython-38.pyc[SDK][INFO] 2026-09-08 12:59:43 New file detected globally: /workspace/X1_identify/spi_identify/spi/__pycache__/param_space.cpython-38.pyc.139979721216048[SDK][INFO] 2026-09-08 12:59:43 New file detected globally: /workspace/X1_identify/spi_identify/spi/__pycache__/dataset.cpython-38.pyc.139979721218608[SDK][INFO] 2026-09-08 12:59:43 New file detected globally: /workspace/X1_identify/spi_identify/spi/__pycache__/cost.cpython-38.pyc.139979721417392[SDK][INFO] 2026-09-08 12:59:43 New file detected globally: /workspace/X1_identify/spi_identify/spi/__pycache__/optimizer.cpython-38.pyc.139979721418160[SDK][INFO] 2026-09-08 12:59:43 New file detected globally: /workspace/X1_identify/spi_identify/tests/__pycache__/test_dataset.cpython-38.pyc.139979721414960[SDK][INFO] 2026-09-08 12:59:43 New file detected globally: /workspace/X1_identify/spi_identify/tests/__pycache__/test_mjcf_compat.cpython-38.pyc.139979721415824[SDK][INFO] 2026-09-08 12:59:43 New file detected globally: /workspace/X1_identify/spi_identify/tests/__pycache__/test_param_space.cpython-38.pyc.139979720663376[SDK][INFO] 2026-09-08 12:59:43 New file detected globally: /workspace/X1_identify/spi_identify/tests/__pycache__/test_rollout_stance.cpython-38.pyc.139979721414960[SDK][INFO] 2026-09-08 12:59:43 New file detected globally: /workspace/X1_identify/spi_identify/spi/__pycache__/rollout.cpython-38.pyc.139979720779184[SDK][INFO] 2026-09-08 12:59:43 New file detected globally: /workspace/X1_identify/spi_identify/tests/__pycache__/test_validate.cpython-38.pyc.139979720815216[SDK][INFO] 2026-09-08 12:59:43 New file detected globally: /workspace/X1_identify/spi_identify/spi/__pycache__/validate.cpython-38.pyc.139979720779184[SDK][INFO] 2026-09-08 12:59:43 New file detected globally: /workspace/X1_identify/spi_identify/tests/_synth.csv[SDK][INFO] 2026-09-08 12:59:43 New file detected globally: /workspace/X1_identify/spi_identify/tests/_synth_clips.npztest_no_cross_data_no_gate (test_validate.TestCrossDataset) ... ok
test_pass_when_cross_generalizes (test_validate.TestCrossDataset) ... ok
test_deterministic_and_exhaustive (test_validate.TestSplitClips) ... ok

----------------------------------------------------------------------
Ran 80 tests in 0.269s

OK
[prepare] parsing (train) /workspace/X1_identify/data/raw/20260902_x1data/7500model_addDR/walk_diag_20260831_141833.csv
[prepare]   7 clips (dt=10.00 ms)
[prepare] parsing (train) /workspace/X1_identify/data/raw/20260902_x1data/7500model_addDR/walk_diag_20260831_142556.csv
[prepare]   51 clips (dt=10.00 ms)
[prepare] parsing (train) /workspace/X1_identify/data/raw/20260902_x1data/7500model_addDR/walk_diag_20260901_155946.csv
[prepare]   40 clips (dt=10.00 ms)
[prepare] parsing (train) /workspace/X1_identify/data/raw/20260902_x1data/7500model_addDR/walk_diag_20260902_093745.csv
[prepare]   11 clips (dt=10.00 ms)
[prepare] parsing (train) /workspace/X1_identify/data/raw/20260902_x1data/7500model_addDR/walk_diag_20260902_094252.csv
[prepare]   13 clips (dt=10.00 ms)
[prepare] parsing (train) /workspace/X1_identify/data/raw/20260902_x1data/7500model/walk_diag_20260901_163320.csv
[prepare]   8 clips (dt=10.00 ms)
[prepare] parsing (cross) /workspace/X1_identify/data/raw/20260902_x1data/5999model/walk_diag_20260818_103839.csv
[prepare]   13 clips (dt=10.00 ms)
[prepare] parsing (cross) /workspace/X1_identify/data/raw/20260902_x1data/5999model/walk_diag_20260818_144943.csv
[prepare]   9 clips (dt=10.00 ms)
[prepare] parsing (cross) /workspace/X1_identify/data/raw/20260902_x1data/5999model/walk_diag_20260820_144337.csv
[prepare]   13 clips (dt=10.00 ms)
[prepare] parsing (cross) /workspace/X1_identify/data/raw/20260902_x1data/5999model/walk_diag_20260825_160521.csv
[prepare]   6 clips (dt=10.00 ms)
[prepare] parsing (cross) /workspace/X1_identify/data/raw/walk_diag_20260824_103222.csv
[prepare]   10 clips (dt=10.00 ms)
[prepare] saved 48 train clips -> data/derived/x1_clips.npz
[prepare] saved 51 cross clips -> data/derived/x1_cross_clips.npz
[SDK][INFO] 2026-09-08 13:12:14 New file detected globally: /workspace/X1_identify/logs/spi_sysid/study.json[SDK][INFO] 2026-09-08 13:12:17 New file detected globally: /workspace/X1_identify/logs/spi_sysid/gm_play/identified_params.json[SDK][INFO] 2026-09-08 13:12:18 New file detected globally: /workspace/X1_identify/logs/spi_sysid/gm_play/identified_params.pt[SDK][INFO] 2026-09-08 13:12:18 Found PT file directory: /workspace/X1_identify/logs/spi_sysid/gm_play[spi] 48 clips loaded (meta: 48 total) -> train 34 / val 14
[spi] channel norm scales (nominal residual sums): {'quat': 68.9, 'angvel': 62276.7, 'accel': 552167.0, 'q': 8803.2, 'qd': 917511.2, 'tau': 58219.8}
[spi] nominal-params prediction cost: 6.0000
[spi] best cost 3.0543 (nominal was 6.0000)
[spi] holdout val cost: best 1.0608 vs nominal 2.1767
{
  "bodies": {
    "base": {
      "mass": 3.2831988184515084,
      "com": "[0.0539542  0.03205707 0.0169579 ]",
      "inertia": "[[ 0.05738685 -0.00883809 -0.01996195]\n [-0.00883809  0.12654379  0.00592708]\n [-0.01996195  0.00592708  0.16757329]]"
    }
  },
  "motors": {
    "hip_pitch": 123.36748157287701,
    "hip_rolleyaw": 39.254425542914134,
    "knee": 112.39666911095277,
    "ankle": 11.906666179601725
  },
  "kappa_s": 0.3768349850999362
}
[spi] saved logs/spi_sysid/gm_play/identified_params.pt
[spi] done
[SDK][INFO] 2026-09-08 13:12:18 Start scanning for new (*['.pt', '.pth', '.ckpt']) files in /workspace/X1_identify/logs/spi_sysid/gm_play[SDK][INFO] 2026-09-08 13:12:18 Detected PT file (created or updated): /workspace/X1_identify/logs/spi_sysid/gm_play/identified_params.pt[SDK][INFO] 2026-09-08 13:12:18 Found PT file: /workspace/X1_identify/logs/spi_sysid/gm_play/identified_params.pt; Upload queue length: 1, put file_queue:{'tag': 'PT', 'content_type': 'application/octet-stream', 'upload_column': 'policUrl', 'try_count': 0, 'file_path': '/workspace/X1_identify/logs/spi_sysid/gm_play/identified_params.pt'}[SDK][WARN] 2026-09-08 13:12:20 Preparing upload task: {'tag': 'PT', 'content_type': 'application/octet-stream', 'upload_column': 'policUrl', 'try_count': 0, 'file_path': '/workspace/X1_identify/logs/spi_sysid/gm_play/identified_params.pt'}; Task queue (0)[SDK][INFO] 2026-09-08 13:12:25 PT file (identified_params.pt) uploaded successfully[SDK][INFO] 2026-09-08 13:12:38 New file detected globally: /workspace/X1_identify/logs/spi_sysid/validation.json[validate] 48 clips -> train 34 / val 14
[validate] cross-dataset: 51 clips (meta groups: ['5999model', '5999model', '5999model', '5999model', 'legacy_20260824'])
[validate] holdout zero-model accel RMS (a==[0,0,g]): 0.808 m/s^2
{
  "verdict": "FAIL",
  "exit_code": 1,
  "checks": [
    {
      "id": "EFFECTIVENESS",
      "ok": true,
      "detail": "val cost best=191898.2 vs nominal=604348.2 (ratio 0.318 <= 0.7)"
    },
    {
      "id": "PHYSICAL",
      "ok": true,
      "detail": "all body params inside configured ranges"
    },
    {
      "id": "ACCEL",
      "ok": false,
      "detail": "val accel RMS best=8.708 (bar=2.423 = zero-model 0.808 x 3.0; nominal=9.531)"
    },
    {
      "id": "ACTUATOR",
      "ok": false,
      "detail": "kappa_s=0.377 vs step-regression band [0.546, 0.706] (R2>=0.80 filtered)"
    },
    {
      "id": "CROSS-DATASET",
      "ok": true,
      "detail": "cross-policy dataset cost ratio best/nominal=0.495 (<= 0.7); accel RMS best=11.381 nominal=11.996 m/s^2 (bar=14.405)"
    }
  ],
  "warnings": [],
  "credibility": {
    "base.mass": "中",
    "base.com": "中",
    "base.inertia": "低",
    "kappa.hip_pitch": "高",
    "kappa.hip_rolleyaw": "高",
    "kappa.knee": "高",
    "kappa.ankle": "高",
    "kappa_s": "中"
  },
  "costs": {
    "train": {
      "nominal": {
        "quat": 68.86,
        "angvel": 62276.66,
        "accel": 552166.96,
        "q": 8803.23,
        "qd": 917511.16,
        "tau": 58219.81
      },
      "best": {
        "quat": 78.29,
        "angvel": 4915.79,
        "accel": 453646.96,
        "q": 5918.69,
        "qd": 69129.36,
        "tau": 8645.65
      }
    },
    "val": {
      "nominal": {
        "quat": 25.75,
        "angvel": 24731.15,
        "accel": 189385.3,
        "q": 2358.84,
        "qd": 364725.25,
        "tau": 23121.95
      },
      "best": {
        "quat": 29.97,
        "angvel": 1960.56,
        "accel": 158117.7,
        "q": 1945.94,
        "qd": 26479.68,
        "tau": 3364.35
      }
    }
  },
  "accel_rms_val": 8.708,
  "cross_dataset": {
    "cost_ratio": 0.4947,
    "accel_rms_best": 11.381,
    "accel_rms_nominal": 11.996,
    "accel_bar": 14.405,
    "n_steps": 7445
  },
  "criteria": {
    "effective_ratio": 0.7,
    "accel_rms_max": 15.0,
    "accel_improve_ratio": 0.35,
    "accel_rms_floor": 15.0,
    "actuator_kappa_s_band": [
      0.5461645570687531,
      0.7056432894447515
    ]
  }
}
[validate] verdict: FAIL (exit 1)
[validate] report -> logs/spi_sysid/validation.json
remote_sysid: validation exit code = 1
[SDK][INFO] 2026-09-08 13:13:07 New file detected globally: /workspace/X1_identify/logs/mass_landscape/landscape.json[SDK][INFO] 2026-09-08 13:13:07 New file detected globally: /workspace/X1_identify/logs/mass_landscape/landscape.png[landscape] mass=3.0000 -> cost 1007580.3759
[landscape] mass=3.1786 -> cost 1015045.1253
[landscape] mass=3.3571 -> cost 1003769.5906
[landscape] mass=3.5357 -> cost 997459.4138
[landscape] mass=3.7143 -> cost 983818.2833
[landscape] mass=3.8929 -> cost 996320.1250
[landscape] mass=4.0714 -> cost 993345.7524
[landscape] mass=4.2500 -> cost 995860.7578
[landscape] mass=4.4286 -> cost 986544.6176
[landscape] mass=4.6071 -> cost 986444.8721
[landscape] mass=4.7857 -> cost 981782.9205
[landscape] mass=4.9643 -> cost 983274.1096
[landscape] mass=5.1429 -> cost 977341.3297
[landscape] mass=5.3214 -> cost 970874.6707
[landscape] mass=5.5000 -> cost 960951.3506
[landscape] plot -> logs/mass_landscape/landscape.png
[landscape] best mass = 5.5000 (cost 960951.3506)
[apply] identified pelvis (raw): m=3.2832 com=[0.05395 0.03206 0.01696] I_diag=[0.05739 0.12654 0.16757]
[apply] exported pelvis      : m=3.2832 com=[0.05395 0.03206 0.01696] I_diag=[0.05739 0.12654 0.16757]
[apply] URDF -> spi_identify/export/x1_identified.urdf
[apply] MJCF -> spi_identify/export/xyber_x1_identified.xml
[apply] DR  -> spi_identify/export/dr_x1_spi.json
[apply] report -> spi_identify/export/report.md
remote_sysid: ALL DONE (validation rc=1)
logs/:
mass_landscape
spi_sysid

logs/mass_landscape:
landscape.json
landscape.png

logs/spi_sysid:
gm_play
study.json
validation.json

logs/spi_sysid/gm_play:
identified_params.json
identified_params.pt
[SDK][INFO] 2026-09-08 13:13:10 Task(TASK_20260908_261) status updated to: Terminated , ret:True