[SDK][INFO] 2026-09-08 14:29:49 Start scanning directory: /workspaceremote_sysid: VALIDATE-ONLY mode (skip identification)
[SDK][INFO] 2026-09-08 14:29:49 Obtained python dependency environment for training project[SDK][INFO] 2026-09-08 14:29:49 Task(TASK_20260908_285) status updated to: Running , ret:TrueWARNING: Running pip as the 'root' user can result in broken permissions and conflicting behaviour with the system package manager, possibly rendering your system unusable. It is recommended to use a virtual environment instead: https://pip.pypa.io/warnings/venv. Use the --root-user-action option if you know what you are doing and want to suppress this warning.
deps OK: mujoco 2.3.6 | optuna 4.5.0 | cmaes 0.12.0
[SDK][INFO] 2026-09-08 14:34:25 New file detected globally: /workspace/X1_identify/spi_identify/tests/__pycache__/test_active.cpython-38.pyc[SDK][INFO] 2026-09-08 14:34:25 New file detected globally: /workspace/X1_identify/spi_identify/active/__pycache__/__init__.cpython-38.pyc[SDK][INFO] 2026-09-08 14:34:25 New file detected globally: /workspace/X1_identify/spi_identify/active/__pycache__/bezier.cpython-38.pyc.140307576447664[SDK][INFO] 2026-09-08 14:34:25 New file detected globally: /workspace/X1_identify/spi_identify/active/__pycache__/fim.cpython-38.pyc.140307523394352[SDK][INFO] 2026-09-08 14:34:25 New file detected globally: /workspace/X1_identify/spi_identify/active/__pycache__/command_opt.cpython-38.pyc.140307523116032[SDK][INFO] 2026-09-08 14:34:25 New file detected globally: /workspace/X1_identify/spi_identify/tests/__pycache__/test_cost.cpython-38.pyc.140307523394352[SDK][INFO] 2026-09-08 14:34:25 New file detected globally: /workspace/X1_identify/spi_identify/spi/__pycache__/__init__.cpython-38.pyc[SDK][INFO] 2026-09-08 14:34:25 New file detected globally: /workspace/X1_identify/spi_identify/spi/__pycache__/param_space.cpython-38.pyc.140307522687024[SDK][INFO] 2026-09-08 14:34:25 New file detected globally: /workspace/X1_identify/spi_identify/spi/__pycache__/dataset.cpython-38.pyc.140307522689584[SDK][INFO] 2026-09-08 14:34:25 New file detected globally: /workspace/X1_identify/spi_identify/spi/__pycache__/cost.cpython-38.pyc.140307522863792[SDK][INFO] 2026-09-08 14:34:25 New file detected globally: /workspace/X1_identify/spi_identify/spi/__pycache__/optimizer.cpython-38.pyc.140307522864560[SDK][INFO] 2026-09-08 14:34:25 New file detected globally: /workspace/X1_identify/spi_identify/tests/__pycache__/test_dataset.cpython-38.pyc.140307522914464[SDK][INFO] 2026-09-08 14:34:25 New file detected globally: /workspace/X1_identify/spi_identify/tests/__pycache__/test_mjcf_compat.cpython-38.pyc.140307522915328[SDK][INFO] 2026-09-08 14:34:25 New file detected globally: /workspace/X1_identify/spi_identify/tests/__pycache__/test_param_space.cpython-38.pyc.140307522150592[SDK][INFO] 2026-09-08 14:34:25 New file detected globally: /workspace/X1_identify/spi_identify/tests/__pycache__/test_rollout_stance.cpython-38.pyc.140307522914464[SDK][INFO] 2026-09-08 14:34:25 New file detected globally: /workspace/X1_identify/spi_identify/spi/__pycache__/rollout.cpython-38.pyc.140307522262448[SDK][INFO] 2026-09-08 14:34:25 New file detected globally: /workspace/X1_identify/spi_identify/tests/__pycache__/test_validate.cpython-38.pyc.140307522306528[SDK][INFO] 2026-09-08 14:34:25 New file detected globally: /workspace/X1_identify/spi_identify/spi/__pycache__/validate.cpython-38.pyc.140307522262448[SDK][INFO] 2026-09-08 14:34:25 New file detected globally: /workspace/X1_identify/spi_identify/tests/_synth.csv[SDK][INFO] 2026-09-08 14:34:25 New file detected globally: /workspace/X1_identify/spi_identify/tests/_synth_clips.npztest_no_cross_data_no_gate (test_validate.TestCrossDataset) ... ok
test_pass_when_cross_generalizes (test_validate.TestCrossDataset) ... ok
test_deterministic_and_exhaustive (test_validate.TestSplitClips) ... ok

----------------------------------------------------------------------
Ran 80 tests in 0.206s

OK
[prepare] parsing (train) /workspace/X1_identify/data/raw/20260902_x1data/7500model_addDR/walk_diag_20260831_141833.csv
[prepare]   7 clips (dt=10.00 ms)
[prepare] parsing (train) /workspace/X1_identify/data/raw/20260902_x1data/7500model_addDR/walk_diag_20260831_142556.csv
[prepare]   51 clips (dt=10.00 ms)
[prepare] parsing (train) /workspace/X1_identify/data/raw/20260902_x1data/7500model_addDR/walk_diag_20260901_155946.csv
[prepare]   40 clips (dt=10.00 ms)
[prepare] parsing (train) /workspace/X1_identify/data/raw/20260902_x1data/7500model_addDR/walk_diag_20260902_093745.csv
[prepare]   11 clips (dt=10.00 ms)
[prepare] parsing (train) /workspace/X1_identify/data/raw/20260902_x1data/7500model_addDR/walk_diag_20260902_094252.csv
[prepare]   13 clips (dt=10.00 ms)
[prepare] parsing (train) /workspace/X1_identify/data/raw/20260902_x1data/7500model/walk_diag_20260901_163320.csv
[prepare]   8 clips (dt=10.00 ms)
[prepare] parsing (cross) /workspace/X1_identify/data/raw/20260902_x1data/5999model/walk_diag_20260818_103839.csv
[prepare]   13 clips (dt=10.00 ms)
[prepare] parsing (cross) /workspace/X1_identify/data/raw/20260902_x1data/5999model/walk_diag_20260818_144943.csv
[prepare]   9 clips (dt=10.00 ms)
[prepare] parsing (cross) /workspace/X1_identify/data/raw/20260902_x1data/5999model/walk_diag_20260820_144337.csv
[prepare]   13 clips (dt=10.00 ms)
[prepare] parsing (cross) /workspace/X1_identify/data/raw/20260902_x1data/5999model/walk_diag_20260825_160521.csv
[prepare]   6 clips (dt=10.00 ms)
[prepare] parsing (cross) /workspace/X1_identify/data/raw/walk_diag_20260824_103222.csv
[prepare]   10 clips (dt=10.00 ms)
[prepare] saved 48 train clips -> data/derived/x1_clips.npz
[prepare] saved 51 cross clips -> data/derived/x1_cross_clips.npz
remote_sysid: [validate-only] params must come from a previous run
[SDK][INFO] 2026-09-08 14:34:27 New file detected globally: /workspace/X1_identify/logs/spi_sysid/gm_play/identified_params.jsonremote_sysid: [validate-only] restored params from spi_identify/results/r9_indomain_params.json
-rw-rw-rw- 1 root root 947 Sep  8 14:34 logs/spi_sysid/gm_play/identified_params.json
[SDK][INFO] 2026-09-08 14:34:46 New file detected globally: /workspace/X1_identify/logs/spi_sysid/validation.json[validate] 48 clips -> train 34 / val 14
[validate] cross-dataset: 51 clips (meta groups: ['5999model', '5999model', '5999model', '5999model', 'legacy_20260824'])
[validate] holdout zero-model accel RMS (a==[0,0,g]): 0.808 m/s^2
{
  "verdict": "FAIL",
  "exit_code": 1,
  "checks": [
    {
      "id": "EFFECTIVENESS",
      "ok": true,
      "detail": "val cost best=184532.0 vs nominal=604348.2 (ratio 0.305 <= 0.7)"
    },
    {
      "id": "PHYSICAL",
      "ok": true,
      "detail": "all body params inside configured ranges"
    },
    {
      "id": "ACCEL",
      "ok": false,
      "detail": "val accel RMS best=8.543 (bar=2.423 = zero-model 0.808 x 3.0; nominal=9.531)"
    },
    {
      "id": "ACTUATOR",
      "ok": false,
      "detail": "kappa_s=0.370 vs step-regression band [0.546, 0.706] (R2>=0.80 filtered)"
    },
    {
      "id": "CROSS-DATASET",
      "ok": true,
      "detail": "cross-policy dataset cost ratio best/nominal=0.431 (<= 0.7); accel RMS best=10.441 nominal=11.996 m/s^2 (bar=14.405)"
    }
  ],
  "warnings": [],
  "credibility": {
    "base.mass": "中",
    "base.com": "中",
    "base.inertia": "低",
    "kappa.hip_pitch": "中",
    "kappa.hip_rolleyaw": "高",
    "kappa.knee": "中",
    "kappa.ankle": "中",
    "kappa_s": "中"
  },
  "costs": {
    "train": {
      "nominal": {
        "quat": 68.86,
        "angvel": 62276.66,
        "accel": 552166.96,
        "q": 8803.23,
        "qd": 917511.16,
        "tau": 58219.81
      },
      "best": {
        "quat": 89.73,
        "angvel": 5564.68,
        "accel": 442451.96,
        "q": 7536.99,
        "qd": 67476.12,
        "tau": 7700.9
      }
    },
    "val": {
      "nominal": {
        "quat": 25.75,
        "angvel": 24731.15,
        "accel": 189385.3,
        "q": 2358.84,
        "qd": 364725.25,
        "tau": 23121.95
      },
      "best": {
        "quat": 34.81,
        "angvel": 2215.14,
        "accel": 152153.75,
        "q": 2219.5,
        "qd": 24903.23,
        "tau": 3005.53
      }
    }
  },
  "accel_rms_val": 8.543,
  "cross_dataset": {
    "cost_ratio": 0.4308,
    "accel_rms_best": 10.441,
    "accel_rms_nominal": 11.996,
    "accel_bar": 14.405,
    "n_steps": 7445
  },
  "criteria": {
    "effective_ratio": 0.7,
    "accel_rms_max": 15.0,
    "accel_improve_ratio": 0.35,
    "accel_rms_floor": 15.0,
    "actuator_kappa_s_band": [
      0.5461645570687531,
      0.7056432894447515
    ]
  }
}
[validate] verdict: FAIL (exit 1)
[validate] report -> logs/spi_sysid/validation.json
remote_sysid: validation exit code = 1
[SDK][INFO] 2026-09-08 14:35:13 New file detected globally: /workspace/X1_identify/logs/mass_landscape/landscape.json[SDK][INFO] 2026-09-08 14:35:14 New file detected globally: /workspace/X1_identify/logs/mass_landscape/landscape.png[landscape] mass=3.0000 -> cost 1007580.3759
[landscape] mass=3.1786 -> cost 1015045.1253
[landscape] mass=3.3571 -> cost 1003769.5906
[landscape] mass=3.5357 -> cost 997459.4138
[landscape] mass=3.7143 -> cost 983818.2833
[landscape] mass=3.8929 -> cost 996320.1250
[landscape] mass=4.0714 -> cost 993345.7524
[landscape] mass=4.2500 -> cost 995860.7578
[landscape] mass=4.4286 -> cost 986544.6176
[landscape] mass=4.6071 -> cost 986444.8721
[landscape] mass=4.7857 -> cost 981782.9205
[landscape] mass=4.9643 -> cost 983274.1096
[landscape] mass=5.1429 -> cost 977341.3297
[landscape] mass=5.3214 -> cost 970874.6707
[landscape] mass=5.5000 -> cost 960951.3506
[landscape] plot -> logs/mass_landscape/landscape.png
[landscape] best mass = 5.5000 (cost 960951.3506)
[apply] identified pelvis (raw): m=3.1520 com=[ 0.02255  0.02409 -0.01261] I_diag=[0.01901 0.11026 0.11127]
[apply] exported pelvis      : m=3.1520 com=[ 0.02255  0.02409 -0.01261] I_diag=[0.01901 0.11026 0.11127]
[apply] URDF -> spi_identify/export/x1_identified.urdf
[apply] MJCF -> spi_identify/export/xyber_x1_identified.xml
[apply] DR  -> spi_identify/export/dr_x1_spi.json
[apply] report -> spi_identify/export/report.md
remote_sysid: ALL DONE (validation rc=1)
logs/:
mass_landscape
spi_sysid

logs/mass_landscape:
landscape.json
landscape.png

logs/spi_sysid:
gm_play
validation.json

logs/spi_sysid/gm_play:
identified_params.json
[SDK][INFO] 2026-09-08 14:35:16 Task(TASK_20260908_285) status updated to: Terminated , ret:True