[joint] left_ankle_pitch_joint: semantics is_feedback=True ev={'E1_prehold_pos_std': 0.005857, 'E1_prehold_cmd_absmax': 0.0, 'E2_n_cmd_jumps': 54, 'E2_dpos_at_jump_max': 0.002072, 'E3_post_jump_tau_peak_med': 17.420695, 'E3_tau_quiet_median': 1.325831}
[joint] left_ankle_pitch_joint: m1_alpha=5.943 R2=0.05 kt=68.2 R2=1.000 J_eff=0.0643 tau_c=1.24 tau_v=0.551 dynR2=0.16 delay=8.0 ms
[joint] left_ankle_roll_joint: semantics is_feedback=True ev={'E1_prehold_pos_std': 0.009301, 'E1_prehold_cmd_absmax': 0.0, 'E2_n_cmd_jumps': 96, 'E2_dpos_at_jump_max': 0.000178, 'E3_post_jump_tau_peak_med': 6.411644, 'E3_tau_quiet_median': 0.863875}
[joint] left_ankle_roll_joint: m1_alpha=2.286 R2=0.01 kt=68.2 R2=1.000 J_eff=0.0212 tau_c=0.83 tau_v=0.145 dynR2=0.31 delay=8.0 ms
[joint] left_hip_pitch_joint: semantics is_feedback=True ev={'E1_prehold_pos_std': 0.013906, 'E1_prehold_cmd_absmax': 0.0, 'E2_n_cmd_jumps': 60, 'E2_dpos_at_jump_max': 0.000191, 'E3_post_jump_tau_peak_med': 4.786323, 'E3_tau_quiet_median': 0.952377}
[joint] left_hip_pitch_joint: m1_alpha=0.724 R2=0.86 kt=190.6 R2=1.000 J_eff=0.3848 tau_c=1.91 tau_v=0.533 dynR2=0.80 delay=9.0 ms
[joint] left_hip_roll_joint: semantics is_feedback=True ev={'E1_prehold_pos_std': 0.01468, 'E1_prehold_cmd_absmax': 0.0, 'E2_n_cmd_jumps': 36, 'E2_dpos_at_jump_max': 0.000192, 'E3_post_jump_tau_peak_med': 2.515262, 'E3_tau_quiet_median': 1.001221}
[joint] left_hip_roll_joint: m1_alpha=0.831 R2=0.84 kt=190.6 R2=1.000 J_eff=0.2938 tau_c=1.88 tau_v=1.136 dynR2=0.57 delay=9.0 ms
[joint] left_hip_yaw_joint: semantics is_feedback=True ev={'E1_prehold_pos_std': 0.00332, 'E1_prehold_cmd_absmax': 0.0, 'E2_n_cmd_jumps': 96, 'E2_dpos_at_jump_max': 0.000192, 'E3_post_jump_tau_peak_med': 6.471306, 'E3_tau_quiet_median': 0.073257}
[joint] left_hip_yaw_joint: m1_alpha=0.528 R2=0.39 kt=21.9 R2=1.000 J_eff=0.0362 tau_c=0.10 tau_v=0.173 dynR2=0.86 delay=7.0 ms
[joint] left_knee_pitch_joint: semantics is_feedback=True ev={'E1_prehold_pos_std': 0.013662, 'E1_prehold_cmd_absmax': 0.0, 'E2_n_cmd_jumps': 72, 'E2_dpos_at_jump_max': 0.002301, 'E3_post_jump_tau_peak_med': 9.084248, 'E3_tau_quiet_median': 1.050064}
[joint] left_knee_pitch_joint: m1_alpha=0.644 R2=0.77 kt=190.6 R2=1.000 J_eff=0.2164 tau_c=1.04 tau_v=0.122 dynR2=0.57 delay=9.0 ms
[joint] right_ankle_pitch_joint: semantics is_feedback=True ev={'E1_prehold_pos_std': 0.003998, 'E1_prehold_cmd_absmax': 0.0, 'E2_n_cmd_jumps': 54, 'E2_dpos_at_jump_max': 1e-06, 'E3_post_jump_tau_peak_med': 17.489408, 'E3_tau_quiet_median': 1.07561}
[joint] right_ankle_pitch_joint: m1_alpha=6.200 R2=-0.45 kt=68.2 R2=1.000 J_eff=0.0819 tau_c=1.22 tau_v=-0.386 dynR2=0.37 delay=8.0 ms
[joint] right_ankle_roll_joint: semantics is_feedback=True ev={'E1_prehold_pos_std': 0.007251, 'E1_prehold_cmd_absmax': 0.0, 'E2_n_cmd_jumps': 96, 'E2_dpos_at_jump_max': 0.000177, 'E3_post_jump_tau_peak_med': 5.611729, 'E3_tau_quiet_median': 0.573064}
[joint] right_ankle_roll_joint: m1_alpha=1.916 R2=-0.01 kt=68.2 R2=1.000 J_eff=0.0237 tau_c=0.49 tau_v=-0.118 dynR2=0.43 delay=8.0 ms
[joint] right_hip_pitch_joint: semantics is_feedback=True ev={'E1_prehold_pos_std': 0.01138, 'E1_prehold_cmd_absmax': 0.0, 'E2_n_cmd_jumps': 60, 'E2_dpos_at_jump_max': 0.000192, 'E3_post_jump_tau_peak_med': 6.202686, 'E3_tau_quiet_median': 0.757019}
[joint] right_hip_pitch_joint: m1_alpha=0.702 R2=0.88 kt=190.6 R2=1.000 J_eff=0.3098 tau_c=1.77 tau_v=0.800 dynR2=0.70 delay=9.0 ms
[joint] right_hip_roll_joint: semantics is_feedback=True ev={'E1_prehold_pos_std': 0.008464, 'E1_prehold_cmd_absmax': 0.0, 'E2_n_cmd_jumps': 36, 'E2_dpos_at_jump_max': 0.000193, 'E3_post_jump_tau_peak_med': 6.471306, 'E3_tau_quiet_median': 0.561661}
[joint] right_hip_roll_joint: m1_alpha=0.755 R2=0.87 kt=190.6 R2=1.000 J_eff=0.3898 tau_c=1.79 tau_v=0.625 dynR2=0.66 delay=8.0 ms
[joint] right_hip_yaw_joint: semantics is_feedback=True ev={'E1_prehold_pos_std': 0.003108, 'E1_prehold_cmd_absmax': 0.0, 'E2_n_cmd_jumps': 96, 'E2_dpos_at_jump_max': 0.000384, 'E3_post_jump_tau_peak_med': 6.373627, 'E3_tau_quiet_median': 0.170937}
[joint] right_hip_yaw_joint: m1_alpha=0.483 R2=0.47 kt=21.9 R2=1.000 J_eff=0.0362 tau_c=0.13 tau_v=0.124 dynR2=0.88 delay=6.0 ms
[joint] right_knee_pitch_joint: semantics is_feedback=True ev={'E1_prehold_pos_std': 0.00902, 'E1_prehold_cmd_absmax': 0.0, 'E2_n_cmd_jumps': 72, 'E2_dpos_at_jump_max': 0.003644, 'E3_post_jump_tau_peak_med': 8.571426, 'E3_tau_quiet_median': 0.708183}
[joint] right_knee_pitch_joint: m1_alpha=0.629 R2=0.78 kt=190.6 R2=1.000 J_eff=0.1854 tau_c=0.79 tau_v=-0.196 dynR2=0.54 delay=9.0 ms
[joint] saved logs/joint_identify/gm_play/joint_params.pt
{
  "verdict": "FAIL",
  "exit_code": 1,
  "checks": [
    {
      "id": "J1_DYNAMICS_R2",
      "ok": false,
      "detail": "left_knee_pitch_joint R2=0.572<0.6; right_knee_pitch_joint R2=0.544<0.6"
    },
    {
      "id": "J2_LR_SYMMETRY",
      "ok": false,
      "detail": "worst left_knee_pitch_joint|right_knee_pitch_joint.tau_v rel_diff=2.61 (> 0.35, sig=12.8 sigma); 4 violations / 16 pairs"
    },
    {
      "id": "J3_GAIN_BAND",
      "ok": false,
      "detail": "left_hip_roll_joint alpha=0.831 outside (0.34, 0.71)+-0.10"
    },
    {
      "id": "J4_DELAY",
      "ok": true,
      "detail": "serial delays within (-5.0, 30.0) ms: left_hip_pitch_joint:9.0, left_hip_roll_joint:9.0, left_hip_yaw_joint:7.0, left_knee_pitch_joint:9.0, right_hip_pitch_joint:9.0, right_hip_roll_joint:8.0, right_hip_yaw_joint:6.0, right_knee_pitch_joint:9.0"
    },
    {
      "id": "J5_CURRENT_MAP",
      "ok": true,
      "detail": "kt R2 >= 0.9 on all 12 joints"
    }
  ],
  "warnings": [
    "left_hip_yaw_joint alpha=0.528 vs M1 0.339 (dev>= 0.15, method systematics)"
  ],
  "n_serial": 8,
  "n_parallel_reported": 4,
  "gates": {
    "J1_r2_floor": {
      "hip": 0.55,
      "knee": 0.6
    },
    "J2_symmetry_tol": 0.35,
    "J3_alpha_band": [
      0.34,
      0.71
    ],
    "J3_m1_max_dev": 0.15,
    "J4_delay_ms": [
      -5.0,
      30.0
    ],
    "J5_kt_r2_min": 0.9
  }
}
[joint] verdict: FAIL (exit 1)
