deps OK: mujoco 2.3.6 | optuna 4.5.0 | cmaes 0.12.0
test_pass_when_cross_generalizes (test_validate.TestCrossDataset) ... ok
test_deterministic_and_exhaustive (test_validate.TestSplitClips) ... ok

----------------------------------------------------------------------
Ran 63 tests in 0.284s

OK
[prepare] parsing (train) /workspace/X1_identify/data/raw/20260902_x1data/7500model_addDR/walk_diag_20260831_141833.csv
[prepare]   7 clips (dt=10.00 ms)
[prepare] parsing (train) /workspace/X1_identify/data/raw/20260902_x1data/7500model_addDR/walk_diag_20260831_142556.csv
[prepare]   51 clips (dt=10.00 ms)
[prepare] parsing (train) /workspace/X1_identify/data/raw/20260902_x1data/7500model_addDR/walk_diag_20260901_155946.csv
[prepare]   40 clips (dt=10.00 ms)
[prepare] parsing (train) /workspace/X1_identify/data/raw/20260902_x1data/7500model_addDR/walk_diag_20260902_093745.csv
[prepare]   11 clips (dt=10.00 ms)
[prepare] parsing (train) /workspace/X1_identify/data/raw/20260902_x1data/7500model_addDR/walk_diag_20260902_094252.csv
[prepare]   13 clips (dt=10.00 ms)
[prepare] parsing (train) /workspace/X1_identify/data/raw/20260902_x1data/7500model/walk_diag_20260901_163320.csv
[prepare]   8 clips (dt=10.00 ms)
[prepare] parsing (cross) /workspace/X1_identify/data/raw/20260902_x1data/5999model/walk_diag_20260818_103839.csv
[prepare]   13 clips (dt=10.00 ms)
[prepare] parsing (cross) /workspace/X1_identify/data/raw/20260902_x1data/5999model/walk_diag_20260818_144943.csv
[prepare]   9 clips (dt=10.00 ms)
[prepare] parsing (cross) /workspace/X1_identify/data/raw/20260902_x1data/5999model/walk_diag_20260820_144337.csv
[prepare]   13 clips (dt=10.00 ms)
[prepare] parsing (cross) /workspace/X1_identify/data/raw/20260902_x1data/5999model/walk_diag_20260825_160521.csv
[prepare]   6 clips (dt=10.00 ms)
[prepare] parsing (cross) /workspace/X1_identify/data/raw/walk_diag_20260824_103222.csv
[prepare]   10 clips (dt=10.00 ms)
[prepare] saved 48 train clips -> data/derived/x1_clips.npz
[prepare] saved 51 cross clips -> data/derived/x1_cross_clips.npz
[spi] nominal-params prediction cost: 3664854.2777
[spi] best cost 1023465.2198 (nominal was 3664854.2777)
[spi] holdout val cost: best 350946.6915 vs nominal 1184627.3109
{
  "bodies": {
    "base": {
      "mass": 4.031211710173407,
      "com": "[-0.01114752  0.05523581  0.00649121]",
      "inertia": "[[ 0.07653347 -0.04703821 -0.01323961]\n [-0.04703821  0.10682137 -0.00102668]\n [-0.01323961 -0.00102668  0.15859107]]"
    }
  },
  "motors": {
    "hip_pitch": 86.33629617583729,
    "hip_rolleyaw": 33.62202810365223,
    "knee": 127.43404140013456,
    "ankle": 20.388400010459794
  },
  "kappa_s": 0.3610915304729686
}
[spi] saved logs/spi_sysid/gm_play/identified_params.pt
[spi] done
[validate] cross-dataset: 51 clips (meta groups: ['5999model', '5999model', '5999model', '5999model', 'legacy_20260824'])
{
  "verdict": "FAIL",
  "exit_code": 1,
  "checks": [
    {
      "id": "EFFECTIVENESS",
      "ok": true,
      "detail": "val cost best=350946.7 vs nominal=1184627.3 (ratio 0.296 <= 0.7)"
    },
    {
      "id": "PHYSICAL",
      "ok": false,
      "detail": "violations: {'base': {'inertia_xy': 0.017038209999999998}}"
    },
    {
      "id": "ACCEL",
      "ok": true,
      "detail": "val accel RMS: best=12.21 nominal=17.289 m/s^2 (bar=min(15.0, max(13.8, 6.051))=13.8; floor branch=yes)"
    },
    {
      "id": "ACTUATOR",
      "ok": true,
      "detail": "kappa_s=0.361 vs step-regression band [0.34, 0.71] (serial alpha: knee .55 / hip .34-.71)"
    },
    {
      "id": "CROSS-DATASET",
      "ok": false,
      "detail": "cross-policy dataset cost ratio best/nominal=0.326 (<= 0.7); accel RMS best=14.476 nominal=22.262 m/s^2 (bar=13.800)"
    }
  ],
  "warnings": [],
  "credibility": {
    "base.mass": "高",
    "base.com": "中",
    "base.inertia": "低",
    "kappa.hip_pitch": "高",
    "kappa.hip_rolleyaw": "高",
    "kappa.knee": "高",
    "kappa.ankle": "中",
    "kappa_s": "中"
  },
  "costs": {
    "train": {
      "nominal": {
        "quat": 2921.42,
        "angvel": 64321.54,
        "accel": 2155534.71,
        "q": 60810.88,
        "qd": 1306350.1,
        "tau": 74915.64
      },
      "best": {
        "quat": 3118.75,
        "angvel": 6481.4,
        "accel": 887046.77,
        "q": 50876.06,
        "qd": 36103.7,
        "tau": 10807.12
      }
    },
    "val": {
      "nominal": {
        "quat": 1130.94,
        "angvel": 24623.33,
        "accel": 623241.72,
        "q": 17342.23,
        "qd": 489211.73,
        "tau": 29077.36
      },
      "best": {
        "quat": 1208.98,
        "angvel": 2871.08,
        "accel": 310836.41,
        "q": 18018.11,
        "qd": 13993.56,
        "tau": 4018.56
      }
    }
  },
  "accel_rms_val": 12.21,
  "cross_dataset": {
    "cost_ratio": 0.3262,
    "accel_rms_best": 14.476,
    "accel_rms_nominal": 22.262,
    "accel_bar": 13.8,
    "n_steps": 7445
  },
  "criteria": {
    "effective_ratio": 0.7,
    "accel_rms_max": 15.0,
    "accel_improve_ratio": 0.35,
    "accel_rms_floor": 13.8,
    "actuator_kappa_s_band": [
      0.34,
      0.71
    ]
  }
}
[validate] verdict: FAIL (exit 1)
[validate] report -> logs/spi_sysid/validation.json
remote_sysid: validation exit code = 1
[landscape] mass=3.1786 -> cost 1015045.1253
[landscape] mass=3.3571 -> cost 1003769.5906
[landscape] mass=3.5357 -> cost 997459.4138
[landscape] mass=3.7143 -> cost 983818.2833
[landscape] mass=3.8929 -> cost 996320.1250
[landscape] mass=4.0714 -> cost 993345.7524
[landscape] mass=4.2500 -> cost 995860.7578
[landscape] mass=4.4286 -> cost 986544.6176
[landscape] mass=4.6071 -> cost 986444.8721
[landscape] mass=4.7857 -> cost 981782.9205
[landscape] mass=4.9643 -> cost 983274.1096
[landscape] mass=5.1429 -> cost 977341.3297
[landscape] mass=5.3214 -> cost 970874.6707
[landscape] mass=5.5000 -> cost 960951.3506
[landscape] plot -> logs/mass_landscape/landscape.png
[landscape] best mass = 5.5000 (cost 960951.3506)
[apply] identified pelvis (raw): m=4.0312 com=[-0.01115  0.05524  0.00649] I_diag=[0.07653 0.10682 0.15859]
[apply] exported pelvis      : m=4.0312 com=[-0.01115  0.05524  0.00649] I_diag=[0.07653 0.10682 0.15859]
[apply] URDF -> spi_identify/export/x1_identified.urdf
[apply] MJCF -> spi_identify/export/xyber_x1_identified.xml
[apply] DR  -> spi_identify/export/dr_x1_spi.json
[apply] report -> spi_identify/export/report.md
remote_sysid: ALL DONE (validation rc=1)
logs/:
mass_landscape
spi_sysid

logs/mass_landscape:
landscape.json
landscape.png

logs/spi_sysid:
gm_play
study.json
validation.json

logs/spi_sysid/gm_play:
identified_params.json
identified_params.pt
